== python collector/fetch_molit.py
마포구 trade 202607: 150건
마포구 trade 202608: 113건
마포구 trade 202609: 30건
마포구 rent 202607: 815건
마포구 rent 202608: 780건
마포구 rent 202609: 505건
성동구 trade 202607: 103건
성동구 trade 202608: 55건
성동구 trade 202609: 19건
성동구 rent 202607: 627건
성동구 rent 202608: 642건
성동구 rent 202609: 290건
영등포구 trade 202607: 262건
영등포구 trade 202608: 140건
영등포구 trade 202609: 47건
영등포구 rent 202607: 831건
영등포구 rent 202608: 671건
영등포구 rent 202609: 434건
완료 · API 호출 18회 · 오류 0건
== python collector/fetch_kapt.py
K-apt API 사용 불가 · 세대수는 거래량으로 추정해요 (API 호출 실패: HTTP Error 400: Bad Request)
== python collector/fetch_rone.py
RONE_KEY 없음 · 부동산원 지수는 건너뜀
== python collector/build.py
소형 단지로 빠진 곳 304개 · K-apt 없음(추정)
단지·평형 503개 중 후보 138개 · 추천 10개 · 실데이터
